// Jest Snapshot v1, https://goo.gl/fbAQLP

exports[`Overlay should render correctly 1`] = `
<aside
  className="overlay"
>
  <p
    className="overlayText"
  >
    Purrfect!
  </p>
</aside>
`;
