// Jest Snapshot v1, https://goo.gl/fbAQLP

exports[`Container should render correctly 1`] = `
<ul
  className="slider"
>
  Test
</ul>
`;

exports[`Entry should render correctly 1`] = `
<li
  className="slide"
>
  Test
</li>
`;
